{"timestamp":"2025-11-06T19:54:14.923578Z","level":"info","event":"DAG bundles loaded: dags-folder, example_dags","logger":"airflow.dag_processing.bundles.manager.DagBundlesManager","filename":"manager.py","lineno":179}
{"timestamp":"2025-11-06T19:54:15.199450Z","level":"info","event":"Filling up the DagBag from /opt/airflow/dags/ecommerce_etl_pipeline.py","logger":"airflow.models.dagbag.DagBag","filename":"dagbag.py","lineno":593}
{"timestamp":"2025-11-06T19:54:18.362605Z","level":"warning","event":"The `airflow.operators.python.PythonOperator` attribute is deprecated. Please use `'airflow.providers.standard.operators.python.PythonOperator'`.","category":"DeprecatedImportWarning","filename":"/opt/airflow/dags/ecommerce_etl_pipeline.py","lineno":6,"logger":"py.warnings"}
{"timestamp":"2025-11-06T19:54:18.362916Z","level":"warning","event":"The `airflow.operators.bash.BashOperator` attribute is deprecated. Please use `'airflow.providers.standard.operators.bash.BashOperator'`.","category":"DeprecatedImportWarning","filename":"/opt/airflow/dags/ecommerce_etl_pipeline.py","lineno":7,"logger":"py.warnings"}
{"timestamp":"2025-11-06T19:54:18.393781Z","level":"info","event":"Task instance is in running state","logger":"task.stdout"}
{"timestamp":"2025-11-06T19:54:18.394336Z","level":"info","event":" Previous state of the Task instance: TaskInstanceState.QUEUED","logger":"task.stdout"}
{"timestamp":"2025-11-06T19:54:18.394783Z","level":"info","event":"Current task name:load_to_bigquery","logger":"task.stdout"}
{"timestamp":"2025-11-06T19:54:18.395118Z","level":"info","event":"Dag name:ecommerce_etl_pipeline","logger":"task.stdout"}
{"timestamp":"2025-11-06T19:54:18.396724Z","level":"info","event":"📤 BigQuery'e yükleniyor...","logger":"unusual_prefix_71f8d2063417ec223b2c16b219b578986244919b_ecommerce_etl_pipeline","filename":"ecommerce_etl_pipeline.py","lineno":59}
{"timestamp":"2025-11-06T19:54:23.669091Z","level":"info","event":"✅ Loaded 10 rows to ecommerce-data-pipeline-476900.raw_data.orders","logger":"unusual_prefix_71f8d2063417ec223b2c16b219b578986244919b_ecommerce_etl_pipeline","filename":"ecommerce_etl_pipeline.py","lineno":78}
{"timestamp":"2025-11-06T19:54:23.669317Z","level":"info","event":"Done. Returned value was: ecommerce-data-pipeline-476900.raw_data.orders","logger":"airflow.task.operators.airflow.providers.standard.operators.python.PythonOperator","filename":"python.py","lineno":215}
{"timestamp":"2025-11-06T19:54:23.669590Z","level":"info","event":"Pushing xcom","ti":"RuntimeTaskInstance(id=UUID('019a5abb-ca11-7bd5-af00-3fe1fa8b3079'), task_id='load_to_bigquery', dag_id='ecommerce_etl_pipeline', run_id='scheduled__2025-11-06T00:00:00+00:00', try_number=1, dag_version_id=UUID('019a5aba-d2d5-7560-b7a5-2785695f4207'), map_index=-1, hostname='fc589c101519', context_carrier={}, task=<Task(PythonOperator): load_to_bigquery>, bundle_instance=LocalDagBundle(name=dags-folder), max_tries=1, start_date=datetime.datetime(2025, 11, 6, 19, 54, 13, 928223, tzinfo=datetime.timezone.utc), end_date=None, state=<TaskInstanceState.RUNNING: 'running'>, is_mapped=False, rendered_map_index=None)","logger":"task","filename":"task_runner.py","lineno":1357}
{"timestamp":"2025-11-06T19:54:23.704692Z","level":"info","event":"Task instance in success state","logger":"task.stdout"}
{"timestamp":"2025-11-06T19:54:23.705846Z","level":"info","event":" Previous state of the Task instance: TaskInstanceState.RUNNING","logger":"task.stdout"}
{"timestamp":"2025-11-06T19:54:23.708560Z","level":"info","event":"Task operator:<Task(PythonOperator): load_to_bigquery>","logger":"task.stdout"}
{"timestamp":"2025-11-06T21:24:40.684066Z","level":"info","event":"DAG bundles loaded: dags-folder, example_dags","logger":"airflow.dag_processing.bundles.manager.DagBundlesManager","filename":"manager.py","lineno":179}
{"timestamp":"2025-11-06T21:24:40.685670Z","level":"info","event":"Filling up the DagBag from /opt/airflow/dags/ecommerce_etl_pipeline.py","logger":"airflow.models.dagbag.DagBag","filename":"dagbag.py","lineno":593}
{"timestamp":"2025-11-06T21:24:42.676529Z","level":"warning","event":"The `airflow.operators.python.PythonOperator` attribute is deprecated. Please use `'airflow.providers.standard.operators.python.PythonOperator'`.","category":"DeprecatedImportWarning","filename":"/opt/airflow/dags/ecommerce_etl_pipeline.py","lineno":6,"logger":"py.warnings"}
{"timestamp":"2025-11-06T21:24:42.676671Z","level":"warning","event":"The `airflow.operators.bash.BashOperator` attribute is deprecated. Please use `'airflow.providers.standard.operators.bash.BashOperator'`.","category":"DeprecatedImportWarning","filename":"/opt/airflow/dags/ecommerce_etl_pipeline.py","lineno":7,"logger":"py.warnings"}
{"timestamp":"2025-11-06T21:24:42.694065Z","level":"info","event":"Task instance is in running state","logger":"task.stdout"}
{"timestamp":"2025-11-06T21:24:42.694688Z","level":"info","event":" Previous state of the Task instance: TaskInstanceState.QUEUED","logger":"task.stdout"}
{"timestamp":"2025-11-06T21:24:42.695788Z","level":"info","event":"Current task name:load_to_bigquery","logger":"task.stdout"}
{"timestamp":"2025-11-06T21:24:42.696235Z","level":"info","event":"Dag name:ecommerce_etl_pipeline","logger":"task.stdout"}
{"timestamp":"2025-11-06T21:24:42.696235Z","level":"info","event":"📤 BigQuery'e yükleniyor...","logger":"unusual_prefix_71f8d2063417ec223b2c16b219b578986244919b_ecommerce_etl_pipeline","filename":"ecommerce_etl_pipeline.py","lineno":59}
{"timestamp":"2025-11-06T21:24:47.306031Z","level":"info","event":"✅ Loaded 10 rows to ecommerce-data-pipeline-476900.raw_data.orders","logger":"unusual_prefix_71f8d2063417ec223b2c16b219b578986244919b_ecommerce_etl_pipeline","filename":"ecommerce_etl_pipeline.py","lineno":78}
{"timestamp":"2025-11-06T21:24:47.306391Z","level":"info","event":"Done. Returned value was: ecommerce-data-pipeline-476900.raw_data.orders","logger":"airflow.task.operators.airflow.providers.standard.operators.python.PythonOperator","filename":"python.py","lineno":215}
{"timestamp":"2025-11-06T21:24:47.306727Z","level":"info","event":"Pushing xcom","ti":"RuntimeTaskInstance(id=UUID('019a5b0e-a106-7e81-b592-f5b5c125d9b3'), task_id='load_to_bigquery', dag_id='ecommerce_etl_pipeline', run_id='scheduled__2025-11-06T00:00:00+00:00', try_number=1, dag_version_id=UUID('019a5aba-d2d5-7560-b7a5-2785695f4207'), map_index=-1, hostname='fc589c101519', context_carrier={}, task=<Task(PythonOperator): load_to_bigquery>, bundle_instance=LocalDagBundle(name=dags-folder), max_tries=1, start_date=datetime.datetime(2025, 11, 6, 21, 24, 40, 396956, tzinfo=datetime.timezone.utc), end_date=None, state=<TaskInstanceState.RUNNING: 'running'>, is_mapped=False, rendered_map_index=None)","logger":"task","filename":"task_runner.py","lineno":1357}
{"timestamp":"2025-11-06T21:24:47.350905Z","level":"info","event":"Task instance in success state","logger":"task.stdout"}
{"timestamp":"2025-11-06T21:24:47.352023Z","level":"info","event":" Previous state of the Task instance: TaskInstanceState.RUNNING","logger":"task.stdout"}
{"timestamp":"2025-11-06T21:24:47.353944Z","level":"info","event":"Task operator:<Task(PythonOperator): load_to_bigquery>","logger":"task.stdout"}
{"timestamp":"2025-11-06T22:31:47.865669Z","level":"info","event":"DAG bundles loaded: dags-folder, example_dags","logger":"airflow.dag_processing.bundles.manager.DagBundlesManager","filename":"manager.py","lineno":179}
{"timestamp":"2025-11-06T22:31:47.866744Z","level":"info","event":"Filling up the DagBag from /opt/airflow/dags/ecommerce_etl_pipeline.py","logger":"airflow.models.dagbag.DagBag","filename":"dagbag.py","lineno":593}
{"timestamp":"2025-11-06T22:31:50.923206Z","level":"warning","event":"The `airflow.operators.python.PythonOperator` attribute is deprecated. Please use `'airflow.providers.standard.operators.python.PythonOperator'`.","category":"DeprecatedImportWarning","filename":"/opt/airflow/dags/ecommerce_etl_pipeline.py","lineno":6,"logger":"py.warnings"}
{"timestamp":"2025-11-06T22:31:50.923504Z","level":"warning","event":"The `airflow.operators.bash.BashOperator` attribute is deprecated. Please use `'airflow.providers.standard.operators.bash.BashOperator'`.","category":"DeprecatedImportWarning","filename":"/opt/airflow/dags/ecommerce_etl_pipeline.py","lineno":7,"logger":"py.warnings"}
{"timestamp":"2025-11-06T22:31:50.951526Z","level":"info","event":"Task instance is in running state","logger":"task.stdout"}
{"timestamp":"2025-11-06T22:31:50.952398Z","level":"info","event":" Previous state of the Task instance: TaskInstanceState.QUEUED","logger":"task.stdout"}
{"timestamp":"2025-11-06T22:31:50.952995Z","level":"info","event":"Current task name:load_to_bigquery","logger":"task.stdout"}
{"timestamp":"2025-11-06T22:31:50.953355Z","level":"info","event":"Dag name:ecommerce_etl_pipeline","logger":"task.stdout"}
{"timestamp":"2025-11-06T22:31:50.955724Z","level":"info","event":"📤 BigQuery'e yükleniyor...","logger":"unusual_prefix_71f8d2063417ec223b2c16b219b578986244919b_ecommerce_etl_pipeline","filename":"ecommerce_etl_pipeline.py","lineno":59}
{"timestamp":"2025-11-06T22:31:56.940102Z","level":"info","event":"✅ Loaded 10 rows to ecommerce-data-pipeline-476900.raw_data.orders","logger":"unusual_prefix_71f8d2063417ec223b2c16b219b578986244919b_ecommerce_etl_pipeline","filename":"ecommerce_etl_pipeline.py","lineno":78}
{"timestamp":"2025-11-06T22:31:56.940312Z","level":"info","event":"Done. Returned value was: ecommerce-data-pipeline-476900.raw_data.orders","logger":"airflow.task.operators.airflow.providers.standard.operators.python.PythonOperator","filename":"python.py","lineno":215}
{"timestamp":"2025-11-06T22:31:56.940649Z","level":"info","event":"Pushing xcom","ti":"RuntimeTaskInstance(id=UUID('019a5b4c-0caa-769c-84d3-a580b5b67b65'), task_id='load_to_bigquery', dag_id='ecommerce_etl_pipeline', run_id='scheduled__2025-11-06T00:00:00+00:00', try_number=1, dag_version_id=UUID('019a5aba-d2d5-7560-b7a5-2785695f4207'), map_index=-1, hostname='fc589c101519', context_carrier={}, task=<Task(PythonOperator): load_to_bigquery>, bundle_instance=LocalDagBundle(name=dags-folder), max_tries=1, start_date=datetime.datetime(2025, 11, 6, 22, 31, 47, 590798, tzinfo=datetime.timezone.utc), end_date=None, state=<TaskInstanceState.RUNNING: 'running'>, is_mapped=False, rendered_map_index=None)","logger":"task","filename":"task_runner.py","lineno":1357}
{"timestamp":"2025-11-06T22:31:56.969115Z","level":"info","event":"Task instance in success state","logger":"task.stdout"}
{"timestamp":"2025-11-06T22:31:56.969722Z","level":"info","event":" Previous state of the Task instance: TaskInstanceState.RUNNING","logger":"task.stdout"}
{"timestamp":"2025-11-06T22:31:56.970188Z","level":"info","event":"Task operator:<Task(PythonOperator): load_to_bigquery>","logger":"task.stdout"}
