{"timestamp":"2025-11-06T19:54:24.844409Z","level":"info","event":"DAG bundles loaded: dags-folder, example_dags","logger":"airflow.dag_processing.bundles.manager.DagBundlesManager","filename":"manager.py","lineno":179}
{"timestamp":"2025-11-06T19:54:24.845416Z","level":"info","event":"Filling up the DagBag from /opt/airflow/dags/ecommerce_etl_pipeline.py","logger":"airflow.models.dagbag.DagBag","filename":"dagbag.py","lineno":593}
{"timestamp":"2025-11-06T19:54:27.310373Z","level":"warning","event":"The `airflow.operators.python.PythonOperator` attribute is deprecated. Please use `'airflow.providers.standard.operators.python.PythonOperator'`.","category":"DeprecatedImportWarning","filename":"/opt/airflow/dags/ecommerce_etl_pipeline.py","lineno":6,"logger":"py.warnings"}
{"timestamp":"2025-11-06T19:54:27.310537Z","level":"warning","event":"The `airflow.operators.bash.BashOperator` attribute is deprecated. Please use `'airflow.providers.standard.operators.bash.BashOperator'`.","category":"DeprecatedImportWarning","filename":"/opt/airflow/dags/ecommerce_etl_pipeline.py","lineno":7,"logger":"py.warnings"}
{"timestamp":"2025-11-06T19:54:27.327002Z","level":"info","event":"Task instance is in running state","logger":"task.stdout"}
{"timestamp":"2025-11-06T19:54:27.327411Z","level":"info","event":" Previous state of the Task instance: TaskInstanceState.QUEUED","logger":"task.stdout"}
{"timestamp":"2025-11-06T19:54:27.327895Z","level":"info","event":"Current task name:dbt_transform","logger":"task.stdout"}
{"timestamp":"2025-11-06T19:54:27.328227Z","level":"info","event":"Dag name:ecommerce_etl_pipeline","logger":"task.stdout"}
{"timestamp":"2025-11-06T19:54:27.329450Z","level":"info","event":"🏗️ DBT models çalışıyor...","logger":"unusual_prefix_71f8d2063417ec223b2c16b219b578986244919b_ecommerce_etl_pipeline","filename":"ecommerce_etl_pipeline.py","lineno":90}
{"timestamp":"2025-11-06T19:54:27.329677Z","level":"info","event":"📌 Running: dbt deps","logger":"unusual_prefix_71f8d2063417ec223b2c16b219b578986244919b_ecommerce_etl_pipeline","filename":"ecommerce_etl_pipeline.py","lineno":102}
{"timestamp":"2025-11-06T19:54:27.332040Z","level":"error","event":"❌ dbt deps failed: /bin/sh: 1: dbt: Permission denied\n","logger":"unusual_prefix_71f8d2063417ec223b2c16b219b578986244919b_ecommerce_etl_pipeline","filename":"ecommerce_etl_pipeline.py","lineno":111}
{"timestamp":"2025-11-06T19:54:27.332179Z","level":"error","event":"❌ Error: dbt deps failed","logger":"unusual_prefix_71f8d2063417ec223b2c16b219b578986244919b_ecommerce_etl_pipeline","filename":"ecommerce_etl_pipeline.py","lineno":119}
{"timestamp":"2025-11-06T19:54:27.332315Z","level":"error","event":"Task failed with exception","logger":"task","filename":"task_runner.py","lineno":999,"error_detail":[{"exc_type":"Exception","exc_value":"dbt deps failed","exc_notes":[],"syntax_error":null,"is_cause":false,"frames":[{"filename":"/home/airflow/.local/lib/python3.12/site-packages/airflow/sdk/execution_time/task_runner.py","lineno":925,"name":"run"},{"filename":"/home/airflow/.local/lib/python3.12/site-packages/airflow/sdk/execution_time/task_runner.py","lineno":1312,"name":"_execute_task"},{"filename":"/home/airflow/.local/lib/python3.12/site-packages/airflow/sdk/bases/operator.py","lineno":416,"name":"wrapper"},{"filename":"/home/airflow/.local/lib/python3.12/site-packages/airflow/providers/standard/operators/python.py","lineno":213,"name":"execute"},{"filename":"/home/airflow/.local/lib/python3.12/site-packages/airflow/providers/standard/operators/python.py","lineno":236,"name":"execute_callable"},{"filename":"/home/airflow/.local/lib/python3.12/site-packages/airflow/sdk/execution_time/callback_runner.py","lineno":82,"name":"run"},{"filename":"/opt/airflow/dags/ecommerce_etl_pipeline.py","lineno":112,"name":"run_dbt_models"}],"is_group":false,"exceptions":[]}]}
{"timestamp":"2025-11-06T19:54:27.355053Z","level":"info","event":"Task instance in failure state","logger":"task.stdout"}
{"timestamp":"2025-11-06T19:54:27.355694Z","level":"info","event":"Task start","logger":"task.stdout"}
{"timestamp":"2025-11-06T19:54:27.356173Z","level":"info","event":"Task:<Task(PythonOperator): dbt_transform>","logger":"task.stdout"}
{"timestamp":"2025-11-06T19:54:27.356683Z","level":"info","event":"Failure caused by dbt deps failed","logger":"task.stdout"}
{"timestamp":"2025-11-06T21:24:48.048301Z","level":"info","event":"DAG bundles loaded: dags-folder, example_dags","logger":"airflow.dag_processing.bundles.manager.DagBundlesManager","filename":"manager.py","lineno":179}
{"timestamp":"2025-11-06T21:24:48.049689Z","level":"info","event":"Filling up the DagBag from /opt/airflow/dags/ecommerce_etl_pipeline.py","logger":"airflow.models.dagbag.DagBag","filename":"dagbag.py","lineno":593}
{"timestamp":"2025-11-06T21:24:50.297119Z","level":"warning","event":"The `airflow.operators.python.PythonOperator` attribute is deprecated. Please use `'airflow.providers.standard.operators.python.PythonOperator'`.","category":"DeprecatedImportWarning","filename":"/opt/airflow/dags/ecommerce_etl_pipeline.py","lineno":6,"logger":"py.warnings"}
{"timestamp":"2025-11-06T21:24:50.297278Z","level":"warning","event":"The `airflow.operators.bash.BashOperator` attribute is deprecated. Please use `'airflow.providers.standard.operators.bash.BashOperator'`.","category":"DeprecatedImportWarning","filename":"/opt/airflow/dags/ecommerce_etl_pipeline.py","lineno":7,"logger":"py.warnings"}
{"timestamp":"2025-11-06T21:24:50.312387Z","level":"info","event":"Task instance is in running state","logger":"task.stdout"}
{"timestamp":"2025-11-06T21:24:50.313023Z","level":"info","event":" Previous state of the Task instance: TaskInstanceState.QUEUED","logger":"task.stdout"}
{"timestamp":"2025-11-06T21:24:50.313410Z","level":"info","event":"Current task name:dbt_transform","logger":"task.stdout"}
{"timestamp":"2025-11-06T21:24:50.313700Z","level":"info","event":"Dag name:ecommerce_etl_pipeline","logger":"task.stdout"}
{"timestamp":"2025-11-06T21:24:50.314632Z","level":"info","event":"🏗️ DBT models çalışıyor...","logger":"unusual_prefix_71f8d2063417ec223b2c16b219b578986244919b_ecommerce_etl_pipeline","filename":"ecommerce_etl_pipeline.py","lineno":90}
{"timestamp":"2025-11-06T21:24:50.314817Z","level":"info","event":"📌 Running: dbt deps","logger":"unusual_prefix_71f8d2063417ec223b2c16b219b578986244919b_ecommerce_etl_pipeline","filename":"ecommerce_etl_pipeline.py","lineno":102}
{"timestamp":"2025-11-06T21:24:50.316658Z","level":"error","event":"❌ dbt deps failed: /bin/sh: 1: dbt: Permission denied\n","logger":"unusual_prefix_71f8d2063417ec223b2c16b219b578986244919b_ecommerce_etl_pipeline","filename":"ecommerce_etl_pipeline.py","lineno":111}
{"timestamp":"2025-11-06T21:24:50.316801Z","level":"error","event":"❌ Error: dbt deps failed","logger":"unusual_prefix_71f8d2063417ec223b2c16b219b578986244919b_ecommerce_etl_pipeline","filename":"ecommerce_etl_pipeline.py","lineno":119}
{"timestamp":"2025-11-06T21:24:50.316932Z","level":"error","event":"Task failed with exception","logger":"task","filename":"task_runner.py","lineno":999,"error_detail":[{"exc_type":"Exception","exc_value":"dbt deps failed","exc_notes":[],"syntax_error":null,"is_cause":false,"frames":[{"filename":"/home/airflow/.local/lib/python3.12/site-packages/airflow/sdk/execution_time/task_runner.py","lineno":925,"name":"run"},{"filename":"/home/airflow/.local/lib/python3.12/site-packages/airflow/sdk/execution_time/task_runner.py","lineno":1312,"name":"_execute_task"},{"filename":"/home/airflow/.local/lib/python3.12/site-packages/airflow/sdk/bases/operator.py","lineno":416,"name":"wrapper"},{"filename":"/home/airflow/.local/lib/python3.12/site-packages/airflow/providers/standard/operators/python.py","lineno":213,"name":"execute"},{"filename":"/home/airflow/.local/lib/python3.12/site-packages/airflow/providers/standard/operators/python.py","lineno":236,"name":"execute_callable"},{"filename":"/home/airflow/.local/lib/python3.12/site-packages/airflow/sdk/execution_time/callback_runner.py","lineno":82,"name":"run"},{"filename":"/opt/airflow/dags/ecommerce_etl_pipeline.py","lineno":112,"name":"run_dbt_models"}],"is_group":false,"exceptions":[]}]}
{"timestamp":"2025-11-06T21:24:50.342176Z","level":"info","event":"Task instance in failure state","logger":"task.stdout"}
{"timestamp":"2025-11-06T21:24:50.342952Z","level":"info","event":"Task start","logger":"task.stdout"}
{"timestamp":"2025-11-06T21:24:50.343392Z","level":"info","event":"Task:<Task(PythonOperator): dbt_transform>","logger":"task.stdout"}
{"timestamp":"2025-11-06T21:24:50.343821Z","level":"info","event":"Failure caused by dbt deps failed","logger":"task.stdout"}
{"timestamp":"2025-11-06T22:31:58.063559Z","level":"info","event":"DAG bundles loaded: dags-folder, example_dags","logger":"airflow.dag_processing.bundles.manager.DagBundlesManager","filename":"manager.py","lineno":179}
{"timestamp":"2025-11-06T22:31:58.066101Z","level":"info","event":"Filling up the DagBag from /opt/airflow/dags/ecommerce_etl_pipeline.py","logger":"airflow.models.dagbag.DagBag","filename":"dagbag.py","lineno":593}
{"timestamp":"2025-11-06T22:32:01.900241Z","level":"warning","event":"The `airflow.operators.python.PythonOperator` attribute is deprecated. Please use `'airflow.providers.standard.operators.python.PythonOperator'`.","category":"DeprecatedImportWarning","filename":"/opt/airflow/dags/ecommerce_etl_pipeline.py","lineno":6,"logger":"py.warnings"}
{"timestamp":"2025-11-06T22:32:01.900679Z","level":"warning","event":"The `airflow.operators.bash.BashOperator` attribute is deprecated. Please use `'airflow.providers.standard.operators.bash.BashOperator'`.","category":"DeprecatedImportWarning","filename":"/opt/airflow/dags/ecommerce_etl_pipeline.py","lineno":7,"logger":"py.warnings"}
{"timestamp":"2025-11-06T22:32:01.927702Z","level":"info","event":"Task instance is in running state","logger":"task.stdout"}
{"timestamp":"2025-11-06T22:32:01.928644Z","level":"info","event":" Previous state of the Task instance: TaskInstanceState.QUEUED","logger":"task.stdout"}
{"timestamp":"2025-11-06T22:32:01.929192Z","level":"info","event":"Current task name:dbt_transform","logger":"task.stdout"}
{"timestamp":"2025-11-06T22:32:01.929462Z","level":"info","event":"Dag name:ecommerce_etl_pipeline","logger":"task.stdout"}
{"timestamp":"2025-11-06T22:32:01.932048Z","level":"info","event":"🏗️ DBT models çalışıyor...","logger":"unusual_prefix_71f8d2063417ec223b2c16b219b578986244919b_ecommerce_etl_pipeline","filename":"ecommerce_etl_pipeline.py","lineno":93}
{"timestamp":"2025-11-06T22:32:01.933000Z","level":"info","event":"📌 Running: /usr/python/bin/python3.12 -m dbt.cli deps","logger":"unusual_prefix_71f8d2063417ec223b2c16b219b578986244919b_ecommerce_etl_pipeline","filename":"ecommerce_etl_pipeline.py","lineno":107}
{"timestamp":"2025-11-06T22:32:01.984153Z","level":"error","event":"❌ Failed: /usr/python/bin/python3.12: Error while finding module specification for 'dbt.cli' (ModuleNotFoundError: No module named 'dbt')\n","logger":"unusual_prefix_71f8d2063417ec223b2c16b219b578986244919b_ecommerce_etl_pipeline","filename":"ecommerce_etl_pipeline.py","lineno":117}
{"timestamp":"2025-11-06T22:32:01.984483Z","level":"error","event":"❌ Error: Command failed: /usr/python/bin/python3.12 -m dbt.cli deps","logger":"unusual_prefix_71f8d2063417ec223b2c16b219b578986244919b_ecommerce_etl_pipeline","filename":"ecommerce_etl_pipeline.py","lineno":126}
{"timestamp":"2025-11-06T22:32:01.984829Z","level":"error","event":"Task failed with exception","logger":"task","filename":"task_runner.py","lineno":999,"error_detail":[{"exc_type":"Exception","exc_value":"Command failed: /usr/python/bin/python3.12 -m dbt.cli deps","exc_notes":[],"syntax_error":null,"is_cause":false,"frames":[{"filename":"/home/airflow/.local/lib/python3.12/site-packages/airflow/sdk/execution_time/task_runner.py","lineno":925,"name":"run"},{"filename":"/home/airflow/.local/lib/python3.12/site-packages/airflow/sdk/execution_time/task_runner.py","lineno":1312,"name":"_execute_task"},{"filename":"/home/airflow/.local/lib/python3.12/site-packages/airflow/sdk/bases/operator.py","lineno":416,"name":"wrapper"},{"filename":"/home/airflow/.local/lib/python3.12/site-packages/airflow/providers/standard/operators/python.py","lineno":213,"name":"execute"},{"filename":"/home/airflow/.local/lib/python3.12/site-packages/airflow/providers/standard/operators/python.py","lineno":236,"name":"execute_callable"},{"filename":"/home/airflow/.local/lib/python3.12/site-packages/airflow/sdk/execution_time/callback_runner.py","lineno":82,"name":"run"},{"filename":"/opt/airflow/dags/ecommerce_etl_pipeline.py","lineno":118,"name":"run_dbt_models"}],"is_group":false,"exceptions":[]}]}
{"timestamp":"2025-11-06T22:32:02.019275Z","level":"info","event":"Task instance in failure state","logger":"task.stdout"}
{"timestamp":"2025-11-06T22:32:02.019931Z","level":"info","event":"Task start","logger":"task.stdout"}
{"timestamp":"2025-11-06T22:32:02.020408Z","level":"info","event":"Task:<Task(PythonOperator): dbt_transform>","logger":"task.stdout"}
{"timestamp":"2025-11-06T22:32:02.020751Z","level":"info","event":"Failure caused by Command failed: /usr/python/bin/python3.12 -m dbt.cli deps","logger":"task.stdout"}
