{"timestamp":"2025-11-06T19:59:28.974864Z","level":"info","event":"DAG bundles loaded: dags-folder, example_dags","logger":"airflow.dag_processing.bundles.manager.DagBundlesManager","filename":"manager.py","lineno":179}
{"timestamp":"2025-11-06T19:59:28.979391Z","level":"info","event":"Filling up the DagBag from /opt/airflow/dags/ecommerce_etl_pipeline.py","logger":"airflow.models.dagbag.DagBag","filename":"dagbag.py","lineno":593}
{"timestamp":"2025-11-06T19:59:31.497899Z","level":"warning","event":"The `airflow.operators.python.PythonOperator` attribute is deprecated. Please use `'airflow.providers.standard.operators.python.PythonOperator'`.","category":"DeprecatedImportWarning","filename":"/opt/airflow/dags/ecommerce_etl_pipeline.py","lineno":6,"logger":"py.warnings"}
{"timestamp":"2025-11-06T19:59:31.498101Z","level":"warning","event":"The `airflow.operators.bash.BashOperator` attribute is deprecated. Please use `'airflow.providers.standard.operators.bash.BashOperator'`.","category":"DeprecatedImportWarning","filename":"/opt/airflow/dags/ecommerce_etl_pipeline.py","lineno":7,"logger":"py.warnings"}
{"timestamp":"2025-11-06T19:59:31.526197Z","level":"info","event":"Task instance is in running state","logger":"task.stdout"}
{"timestamp":"2025-11-06T19:59:31.526841Z","level":"info","event":" Previous state of the Task instance: TaskInstanceState.QUEUED","logger":"task.stdout"}
{"timestamp":"2025-11-06T19:59:31.527361Z","level":"info","event":"Current task name:dbt_transform","logger":"task.stdout"}
{"timestamp":"2025-11-06T19:59:31.527726Z","level":"info","event":"Dag name:ecommerce_etl_pipeline","logger":"task.stdout"}
{"timestamp":"2025-11-06T19:59:31.528518Z","level":"info","event":"🏗️ DBT models çalışıyor...","logger":"unusual_prefix_71f8d2063417ec223b2c16b219b578986244919b_ecommerce_etl_pipeline","filename":"ecommerce_etl_pipeline.py","lineno":90}
{"timestamp":"2025-11-06T19:59:31.528711Z","level":"info","event":"📌 Running: dbt deps","logger":"unusual_prefix_71f8d2063417ec223b2c16b219b578986244919b_ecommerce_etl_pipeline","filename":"ecommerce_etl_pipeline.py","lineno":102}
{"timestamp":"2025-11-06T19:59:31.530346Z","level":"error","event":"❌ dbt deps failed: /bin/sh: 1: dbt: Permission denied\n","logger":"unusual_prefix_71f8d2063417ec223b2c16b219b578986244919b_ecommerce_etl_pipeline","filename":"ecommerce_etl_pipeline.py","lineno":111}
{"timestamp":"2025-11-06T19:59:31.530464Z","level":"error","event":"❌ Error: dbt deps failed","logger":"unusual_prefix_71f8d2063417ec223b2c16b219b578986244919b_ecommerce_etl_pipeline","filename":"ecommerce_etl_pipeline.py","lineno":119}
{"timestamp":"2025-11-06T19:59:31.530582Z","level":"error","event":"Task failed with exception","logger":"task","filename":"task_runner.py","lineno":999,"error_detail":[{"exc_type":"Exception","exc_value":"dbt deps failed","exc_notes":[],"syntax_error":null,"is_cause":false,"frames":[{"filename":"/home/airflow/.local/lib/python3.12/site-packages/airflow/sdk/execution_time/task_runner.py","lineno":925,"name":"run"},{"filename":"/home/airflow/.local/lib/python3.12/site-packages/airflow/sdk/execution_time/task_runner.py","lineno":1312,"name":"_execute_task"},{"filename":"/home/airflow/.local/lib/python3.12/site-packages/airflow/sdk/bases/operator.py","lineno":416,"name":"wrapper"},{"filename":"/home/airflow/.local/lib/python3.12/site-packages/airflow/providers/standard/operators/python.py","lineno":213,"name":"execute"},{"filename":"/home/airflow/.local/lib/python3.12/site-packages/airflow/providers/standard/operators/python.py","lineno":236,"name":"execute_callable"},{"filename":"/home/airflow/.local/lib/python3.12/site-packages/airflow/sdk/execution_time/callback_runner.py","lineno":82,"name":"run"},{"filename":"/opt/airflow/dags/ecommerce_etl_pipeline.py","lineno":112,"name":"run_dbt_models"}],"is_group":false,"exceptions":[]}]}
{"timestamp":"2025-11-06T19:59:31.532304Z","level":"info","event":"Task instance in failure state","logger":"task.stdout"}
{"timestamp":"2025-11-06T19:59:31.532899Z","level":"info","event":"Task start","logger":"task.stdout"}
{"timestamp":"2025-11-06T19:59:31.533252Z","level":"info","event":"Task:<Task(PythonOperator): dbt_transform>","logger":"task.stdout"}
{"timestamp":"2025-11-06T19:59:31.533526Z","level":"info","event":"Failure caused by dbt deps failed","logger":"task.stdout"}
{"timestamp":"2025-11-06T21:29:52.575508Z","level":"info","event":"DAG bundles loaded: dags-folder, example_dags","logger":"airflow.dag_processing.bundles.manager.DagBundlesManager","filename":"manager.py","lineno":179}
{"timestamp":"2025-11-06T21:29:52.580143Z","level":"info","event":"Filling up the DagBag from /opt/airflow/dags/ecommerce_etl_pipeline.py","logger":"airflow.models.dagbag.DagBag","filename":"dagbag.py","lineno":593}
{"timestamp":"2025-11-06T21:29:54.963686Z","level":"warning","event":"The `airflow.operators.python.PythonOperator` attribute is deprecated. Please use `'airflow.providers.standard.operators.python.PythonOperator'`.","category":"DeprecatedImportWarning","filename":"/opt/airflow/dags/ecommerce_etl_pipeline.py","lineno":6,"logger":"py.warnings"}
{"timestamp":"2025-11-06T21:29:54.964078Z","level":"warning","event":"The `airflow.operators.bash.BashOperator` attribute is deprecated. Please use `'airflow.providers.standard.operators.bash.BashOperator'`.","category":"DeprecatedImportWarning","filename":"/opt/airflow/dags/ecommerce_etl_pipeline.py","lineno":7,"logger":"py.warnings"}
{"timestamp":"2025-11-06T21:29:54.986588Z","level":"info","event":"Task instance is in running state","logger":"task.stdout"}
{"timestamp":"2025-11-06T21:29:54.987455Z","level":"info","event":" Previous state of the Task instance: TaskInstanceState.QUEUED","logger":"task.stdout"}
{"timestamp":"2025-11-06T21:29:54.988024Z","level":"info","event":"Current task name:dbt_transform","logger":"task.stdout"}
{"timestamp":"2025-11-06T21:29:54.988268Z","level":"info","event":"Dag name:ecommerce_etl_pipeline","logger":"task.stdout"}
{"timestamp":"2025-11-06T21:29:54.990099Z","level":"info","event":"🏗️ DBT models çalışıyor...","logger":"unusual_prefix_71f8d2063417ec223b2c16b219b578986244919b_ecommerce_etl_pipeline","filename":"ecommerce_etl_pipeline.py","lineno":90}
{"timestamp":"2025-11-06T21:29:54.990309Z","level":"info","event":"📌 Running: dbt deps","logger":"unusual_prefix_71f8d2063417ec223b2c16b219b578986244919b_ecommerce_etl_pipeline","filename":"ecommerce_etl_pipeline.py","lineno":102}
{"timestamp":"2025-11-06T21:29:54.992014Z","level":"error","event":"❌ dbt deps failed: /bin/sh: 1: dbt: Permission denied\n","logger":"unusual_prefix_71f8d2063417ec223b2c16b219b578986244919b_ecommerce_etl_pipeline","filename":"ecommerce_etl_pipeline.py","lineno":111}
{"timestamp":"2025-11-06T21:29:54.992142Z","level":"error","event":"❌ Error: dbt deps failed","logger":"unusual_prefix_71f8d2063417ec223b2c16b219b578986244919b_ecommerce_etl_pipeline","filename":"ecommerce_etl_pipeline.py","lineno":119}
{"timestamp":"2025-11-06T21:29:54.992272Z","level":"error","event":"Task failed with exception","logger":"task","filename":"task_runner.py","lineno":999,"error_detail":[{"exc_type":"Exception","exc_value":"dbt deps failed","exc_notes":[],"syntax_error":null,"is_cause":false,"frames":[{"filename":"/home/airflow/.local/lib/python3.12/site-packages/airflow/sdk/execution_time/task_runner.py","lineno":925,"name":"run"},{"filename":"/home/airflow/.local/lib/python3.12/site-packages/airflow/sdk/execution_time/task_runner.py","lineno":1312,"name":"_execute_task"},{"filename":"/home/airflow/.local/lib/python3.12/site-packages/airflow/sdk/bases/operator.py","lineno":416,"name":"wrapper"},{"filename":"/home/airflow/.local/lib/python3.12/site-packages/airflow/providers/standard/operators/python.py","lineno":213,"name":"execute"},{"filename":"/home/airflow/.local/lib/python3.12/site-packages/airflow/providers/standard/operators/python.py","lineno":236,"name":"execute_callable"},{"filename":"/home/airflow/.local/lib/python3.12/site-packages/airflow/sdk/execution_time/callback_runner.py","lineno":82,"name":"run"},{"filename":"/opt/airflow/dags/ecommerce_etl_pipeline.py","lineno":112,"name":"run_dbt_models"}],"is_group":false,"exceptions":[]}]}
{"timestamp":"2025-11-06T21:29:54.994690Z","level":"info","event":"Task instance in failure state","logger":"task.stdout"}
{"timestamp":"2025-11-06T21:29:54.995653Z","level":"info","event":"Task start","logger":"task.stdout"}
{"timestamp":"2025-11-06T21:29:54.996169Z","level":"info","event":"Task:<Task(PythonOperator): dbt_transform>","logger":"task.stdout"}
{"timestamp":"2025-11-06T21:29:54.996483Z","level":"info","event":"Failure caused by dbt deps failed","logger":"task.stdout"}
{"timestamp":"2025-11-06T22:37:03.057990Z","level":"info","event":"DAG bundles loaded: dags-folder, example_dags","logger":"airflow.dag_processing.bundles.manager.DagBundlesManager","filename":"manager.py","lineno":179}
{"timestamp":"2025-11-06T22:37:03.059031Z","level":"info","event":"Filling up the DagBag from /opt/airflow/dags/ecommerce_etl_pipeline.py","logger":"airflow.models.dagbag.DagBag","filename":"dagbag.py","lineno":593}
{"timestamp":"2025-11-06T22:37:04.793273Z","level":"warning","event":"The `airflow.operators.python.PythonOperator` attribute is deprecated. Please use `'airflow.providers.standard.operators.python.PythonOperator'`.","category":"DeprecatedImportWarning","filename":"/opt/airflow/dags/ecommerce_etl_pipeline.py","lineno":6,"logger":"py.warnings"}
{"timestamp":"2025-11-06T22:37:04.793400Z","level":"warning","event":"The `airflow.operators.bash.BashOperator` attribute is deprecated. Please use `'airflow.providers.standard.operators.bash.BashOperator'`.","category":"DeprecatedImportWarning","filename":"/opt/airflow/dags/ecommerce_etl_pipeline.py","lineno":7,"logger":"py.warnings"}
{"timestamp":"2025-11-06T22:37:04.807799Z","level":"info","event":"Task instance is in running state","logger":"task.stdout"}
{"timestamp":"2025-11-06T22:37:04.808598Z","level":"info","event":" Previous state of the Task instance: TaskInstanceState.QUEUED","logger":"task.stdout"}
{"timestamp":"2025-11-06T22:37:04.809308Z","level":"info","event":"Current task name:dbt_transform","logger":"task.stdout"}
{"timestamp":"2025-11-06T22:37:04.809892Z","level":"info","event":"Dag name:ecommerce_etl_pipeline","logger":"task.stdout"}
{"timestamp":"2025-11-06T22:37:04.809702Z","level":"info","event":"🏗️ DBT models çalışıyor...","logger":"unusual_prefix_71f8d2063417ec223b2c16b219b578986244919b_ecommerce_etl_pipeline","filename":"ecommerce_etl_pipeline.py","lineno":93}
{"timestamp":"2025-11-06T22:37:04.809851Z","level":"info","event":"📌 Running: /usr/python/bin/python3.12 -m dbt.cli deps","logger":"unusual_prefix_71f8d2063417ec223b2c16b219b578986244919b_ecommerce_etl_pipeline","filename":"ecommerce_etl_pipeline.py","lineno":107}
{"timestamp":"2025-11-06T22:37:04.837293Z","level":"error","event":"❌ Failed: /usr/python/bin/python3.12: Error while finding module specification for 'dbt.cli' (ModuleNotFoundError: No module named 'dbt')\n","logger":"unusual_prefix_71f8d2063417ec223b2c16b219b578986244919b_ecommerce_etl_pipeline","filename":"ecommerce_etl_pipeline.py","lineno":117}
{"timestamp":"2025-11-06T22:37:04.837424Z","level":"error","event":"❌ Error: Command failed: /usr/python/bin/python3.12 -m dbt.cli deps","logger":"unusual_prefix_71f8d2063417ec223b2c16b219b578986244919b_ecommerce_etl_pipeline","filename":"ecommerce_etl_pipeline.py","lineno":126}
{"timestamp":"2025-11-06T22:37:04.837553Z","level":"error","event":"Task failed with exception","logger":"task","filename":"task_runner.py","lineno":999,"error_detail":[{"exc_type":"Exception","exc_value":"Command failed: /usr/python/bin/python3.12 -m dbt.cli deps","exc_notes":[],"syntax_error":null,"is_cause":false,"frames":[{"filename":"/home/airflow/.local/lib/python3.12/site-packages/airflow/sdk/execution_time/task_runner.py","lineno":925,"name":"run"},{"filename":"/home/airflow/.local/lib/python3.12/site-packages/airflow/sdk/execution_time/task_runner.py","lineno":1312,"name":"_execute_task"},{"filename":"/home/airflow/.local/lib/python3.12/site-packages/airflow/sdk/bases/operator.py","lineno":416,"name":"wrapper"},{"filename":"/home/airflow/.local/lib/python3.12/site-packages/airflow/providers/standard/operators/python.py","lineno":213,"name":"execute"},{"filename":"/home/airflow/.local/lib/python3.12/site-packages/airflow/providers/standard/operators/python.py","lineno":236,"name":"execute_callable"},{"filename":"/home/airflow/.local/lib/python3.12/site-packages/airflow/sdk/execution_time/callback_runner.py","lineno":82,"name":"run"},{"filename":"/opt/airflow/dags/ecommerce_etl_pipeline.py","lineno":118,"name":"run_dbt_models"}],"is_group":false,"exceptions":[]}]}
{"timestamp":"2025-11-06T22:37:04.839506Z","level":"info","event":"Task instance in failure state","logger":"task.stdout"}
{"timestamp":"2025-11-06T22:37:04.840030Z","level":"info","event":"Task start","logger":"task.stdout"}
{"timestamp":"2025-11-06T22:37:04.840384Z","level":"info","event":"Task:<Task(PythonOperator): dbt_transform>","logger":"task.stdout"}
{"timestamp":"2025-11-06T22:37:04.840935Z","level":"info","event":"Failure caused by Command failed: /usr/python/bin/python3.12 -m dbt.cli deps","logger":"task.stdout"}
