{"timestamp":"2025-11-09T17:52:45.021214Z","level":"info","event":"DAG bundles loaded: dags-folder, example_dags","logger":"airflow.dag_processing.bundles.manager.DagBundlesManager","filename":"manager.py","lineno":179}
{"timestamp":"2025-11-09T17:52:45.022437Z","level":"info","event":"Filling up the DagBag from /opt/airflow/dags/ecommerce_etl_pipeline.py","logger":"airflow.models.dagbag.DagBag","filename":"dagbag.py","lineno":593}
{"timestamp":"2025-11-09T17:52:47.234974Z","level":"info","event":"Task instance is in running state","logger":"task.stdout"}
{"timestamp":"2025-11-09T17:52:47.237546Z","level":"info","event":" Previous state of the Task instance: TaskInstanceState.QUEUED","logger":"task.stdout"}
{"timestamp":"2025-11-09T17:52:47.239634Z","level":"info","event":"Current task name:dbt_transform","logger":"task.stdout"}
{"timestamp":"2025-11-09T17:52:47.240406Z","level":"info","event":"Dag name:ecommerce_etl_pipeline","logger":"task.stdout"}
{"timestamp":"2025-11-09T17:52:47.236520Z","level":"info","event":"Tmp dir root location: /tmp","logger":"airflow.task.hooks.airflow.providers.standard.hooks.subprocess.SubprocessHook","filename":"subprocess.py","lineno":78}
{"timestamp":"2025-11-09T17:52:47.237792Z","level":"info","event":"Running command: ['/usr/bin/bash', '-c', '\\n        set -e\\n        cd /opt/airflow/dbt_project\\n        echo \"📌 Running DBT deps...\"\\n        /home/airflow/.local/bin/dbt deps\\n        echo \"📌 Running DBT tests...\"\\n        /home/airflow/.local/bin/dbt test\\n        echo \"📌 Running DBT run...\"\\n        /home/airflow/.local/bin/dbt run\\n        echo \"✅ DBT completed!\"\\n        ']","logger":"airflow.task.hooks.airflow.providers.standard.hooks.subprocess.SubprocessHook","filename":"subprocess.py","lineno":88}
{"timestamp":"2025-11-09T17:52:47.255007Z","level":"info","event":"Output:","logger":"airflow.task.hooks.airflow.providers.standard.hooks.subprocess.SubprocessHook","filename":"subprocess.py","lineno":99}
{"timestamp":"2025-11-09T17:52:47.256852Z","level":"info","event":"📌 Running DBT deps...","logger":"airflow.task.hooks.airflow.providers.standard.hooks.subprocess.SubprocessHook","filename":"subprocess.py","lineno":106}
{"timestamp":"2025-11-09T17:52:49.605397Z","level":"info","event":"\u001b[0m17:52:49  Running with dbt=1.8.7","logger":"airflow.task.hooks.airflow.providers.standard.hooks.subprocess.SubprocessHook","filename":"subprocess.py","lineno":106}
{"timestamp":"2025-11-09T17:52:49.813251Z","level":"info","event":"\u001b[0m17:52:49  Warning: No packages were found in packages.yml","logger":"airflow.task.hooks.airflow.providers.standard.hooks.subprocess.SubprocessHook","filename":"subprocess.py","lineno":106}
{"timestamp":"2025-11-09T17:52:49.817726Z","level":"info","event":"\u001b[0m17:52:49  Warning: No packages were found in packages.yml","logger":"airflow.task.hooks.airflow.providers.standard.hooks.subprocess.SubprocessHook","filename":"subprocess.py","lineno":106}
{"timestamp":"2025-11-09T17:52:51.734422Z","level":"info","event":"📌 Running DBT tests...","logger":"airflow.task.hooks.airflow.providers.standard.hooks.subprocess.SubprocessHook","filename":"subprocess.py","lineno":106}
{"timestamp":"2025-11-09T17:52:53.612940Z","level":"info","event":"\u001b[0m17:52:53  Running with dbt=1.8.7","logger":"airflow.task.hooks.airflow.providers.standard.hooks.subprocess.SubprocessHook","filename":"subprocess.py","lineno":106}
{"timestamp":"2025-11-09T17:52:55.952665Z","level":"info","event":"\u001b[0m17:52:55  Registered adapter: bigquery=1.8.2","logger":"airflow.task.hooks.airflow.providers.standard.hooks.subprocess.SubprocessHook","filename":"subprocess.py","lineno":106}
{"timestamp":"2025-11-09T17:52:56.193285Z","level":"info","event":"\u001b[0m17:52:56  Unable to do partial parsing because of a version mismatch","logger":"airflow.task.hooks.airflow.providers.standard.hooks.subprocess.SubprocessHook","filename":"subprocess.py","lineno":106}
{"timestamp":"2025-11-09T17:52:57.978368Z","level":"info","event":"\u001b[0m17:52:57  [\u001b[33mWARNING\u001b[0m]: Deprecated functionality","logger":"airflow.task.hooks.airflow.providers.standard.hooks.subprocess.SubprocessHook","filename":"subprocess.py","lineno":106}
{"timestamp":"2025-11-09T17:52:57.978758Z","level":"info","event":"The `tests` config has been renamed to `data_tests`. Please see","logger":"airflow.task.hooks.airflow.providers.standard.hooks.subprocess.SubprocessHook","filename":"subprocess.py","lineno":106}
{"timestamp":"2025-11-09T17:52:57.978861Z","level":"info","event":"https://docs.getdbt.com/docs/build/data-tests#new-data_tests-syntax for more","logger":"airflow.task.hooks.airflow.providers.standard.hooks.subprocess.SubprocessHook","filename":"subprocess.py","lineno":106}
{"timestamp":"2025-11-09T17:52:57.978934Z","level":"info","event":"information.","logger":"airflow.task.hooks.airflow.providers.standard.hooks.subprocess.SubprocessHook","filename":"subprocess.py","lineno":106}
{"timestamp":"2025-11-09T17:52:58.622910Z","level":"info","event":"\u001b[0m17:52:58  Found 5 models, 7 data tests, 1 source, 484 macros","logger":"airflow.task.hooks.airflow.providers.standard.hooks.subprocess.SubprocessHook","filename":"subprocess.py","lineno":106}
{"timestamp":"2025-11-09T17:52:58.627221Z","level":"info","event":"\u001b[0m17:52:58","logger":"airflow.task.hooks.airflow.providers.standard.hooks.subprocess.SubprocessHook","filename":"subprocess.py","lineno":106}
{"timestamp":"2025-11-09T17:52:59.578404Z","level":"info","event":"\u001b[0m17:52:59  Concurrency: 4 threads (target='dev')","logger":"airflow.task.hooks.airflow.providers.standard.hooks.subprocess.SubprocessHook","filename":"subprocess.py","lineno":106}
{"timestamp":"2025-11-09T17:52:59.585790Z","level":"info","event":"\u001b[0m17:52:59","logger":"airflow.task.hooks.airflow.providers.standard.hooks.subprocess.SubprocessHook","filename":"subprocess.py","lineno":106}
{"timestamp":"2025-11-09T17:52:59.598132Z","level":"info","event":"\u001b[0m17:52:59  1 of 7 START test not_null_stg_orders_amount ................................... [RUN]","logger":"airflow.task.hooks.airflow.providers.standard.hooks.subprocess.SubprocessHook","filename":"subprocess.py","lineno":106}
{"timestamp":"2025-11-09T17:52:59.599148Z","level":"info","event":"\u001b[0m17:52:59  2 of 7 START test not_null_stg_orders_order_id ................................. [RUN]","logger":"airflow.task.hooks.airflow.providers.standard.hooks.subprocess.SubprocessHook","filename":"subprocess.py","lineno":106}
{"timestamp":"2025-11-09T17:52:59.600463Z","level":"info","event":"\u001b[0m17:52:59  3 of 7 START test source_not_null_raw_data_orders_amount ....................... [RUN]","logger":"airflow.task.hooks.airflow.providers.standard.hooks.subprocess.SubprocessHook","filename":"subprocess.py","lineno":106}
{"timestamp":"2025-11-09T17:52:59.602885Z","level":"info","event":"\u001b[0m17:52:59  4 of 7 START test source_not_null_raw_data_orders_customer_id .................. [RUN]","logger":"airflow.task.hooks.airflow.providers.standard.hooks.subprocess.SubprocessHook","filename":"subprocess.py","lineno":106}
{"timestamp":"2025-11-09T17:53:01.809531Z","level":"info","event":"\u001b[0m17:53:01  3 of 7 PASS source_not_null_raw_data_orders_amount ............................. [\u001b[32mPASS\u001b[0m in 2.20s]","logger":"airflow.task.hooks.airflow.providers.standard.hooks.subprocess.SubprocessHook","filename":"subprocess.py","lineno":106}
{"timestamp":"2025-11-09T17:53:01.812280Z","level":"info","event":"\u001b[0m17:53:01  5 of 7 START test source_not_null_raw_data_orders_order_id ..................... [RUN]","logger":"airflow.task.hooks.airflow.providers.standard.hooks.subprocess.SubprocessHook","filename":"subprocess.py","lineno":106}
{"timestamp":"2025-11-09T17:53:02.168088Z","level":"info","event":"\u001b[0m17:53:02  4 of 7 PASS source_not_null_raw_data_orders_customer_id ........................ [\u001b[32mPASS\u001b[0m in 2.56s]","logger":"airflow.task.hooks.airflow.providers.standard.hooks.subprocess.SubprocessHook","filename":"subprocess.py","lineno":106}
{"timestamp":"2025-11-09T17:53:02.170741Z","level":"info","event":"\u001b[0m17:53:02  6 of 7 START test source_unique_raw_data_orders_order_id ....................... [RUN]","logger":"airflow.task.hooks.airflow.providers.standard.hooks.subprocess.SubprocessHook","filename":"subprocess.py","lineno":106}
{"timestamp":"2025-11-09T17:53:02.317755Z","level":"info","event":"\u001b[0m17:53:02  1 of 7 PASS not_null_stg_orders_amount ......................................... [\u001b[32mPASS\u001b[0m in 2.72s]","logger":"airflow.task.hooks.airflow.providers.standard.hooks.subprocess.SubprocessHook","filename":"subprocess.py","lineno":106}
{"timestamp":"2025-11-09T17:53:02.321206Z","level":"info","event":"\u001b[0m17:53:02  7 of 7 START test unique_stg_orders_order_id ................................... [RUN]","logger":"airflow.task.hooks.airflow.providers.standard.hooks.subprocess.SubprocessHook","filename":"subprocess.py","lineno":106}
{"timestamp":"2025-11-09T17:53:02.454132Z","level":"info","event":"\u001b[0m17:53:02  2 of 7 PASS not_null_stg_orders_order_id ....................................... [\u001b[32mPASS\u001b[0m in 2.85s]","logger":"airflow.task.hooks.airflow.providers.standard.hooks.subprocess.SubprocessHook","filename":"subprocess.py","lineno":106}
{"timestamp":"2025-11-09T17:53:03.566313Z","level":"info","event":"\u001b[0m17:53:03  5 of 7 PASS source_not_null_raw_data_orders_order_id ........................... [\u001b[32mPASS\u001b[0m in 1.75s]","logger":"airflow.task.hooks.airflow.providers.standard.hooks.subprocess.SubprocessHook","filename":"subprocess.py","lineno":106}
{"timestamp":"2025-11-09T17:53:04.275713Z","level":"info","event":"\u001b[0m17:53:04  6 of 7 PASS source_unique_raw_data_orders_order_id ............................. [\u001b[32mPASS\u001b[0m in 2.10s]","logger":"airflow.task.hooks.airflow.providers.standard.hooks.subprocess.SubprocessHook","filename":"subprocess.py","lineno":106}
{"timestamp":"2025-11-09T17:53:04.367592Z","level":"info","event":"\u001b[0m17:53:04  7 of 7 PASS unique_stg_orders_order_id ......................................... [\u001b[32mPASS\u001b[0m in 2.04s]","logger":"airflow.task.hooks.airflow.providers.standard.hooks.subprocess.SubprocessHook","filename":"subprocess.py","lineno":106}
{"timestamp":"2025-11-09T17:53:04.378061Z","level":"info","event":"\u001b[0m17:53:04","logger":"airflow.task.hooks.airflow.providers.standard.hooks.subprocess.SubprocessHook","filename":"subprocess.py","lineno":106}
{"timestamp":"2025-11-09T17:53:04.379205Z","level":"info","event":"\u001b[0m17:53:04  Finished running 7 data tests in 0 hours 0 minutes and 5.75 seconds (5.75s).","logger":"airflow.task.hooks.airflow.providers.standard.hooks.subprocess.SubprocessHook","filename":"subprocess.py","lineno":106}
{"timestamp":"2025-11-09T17:53:04.459596Z","level":"info","event":"\u001b[0m17:53:04","logger":"airflow.task.hooks.airflow.providers.standard.hooks.subprocess.SubprocessHook","filename":"subprocess.py","lineno":106}
{"timestamp":"2025-11-09T17:53:04.460686Z","level":"info","event":"\u001b[0m17:53:04  \u001b[32mCompleted successfully\u001b[0m","logger":"airflow.task.hooks.airflow.providers.standard.hooks.subprocess.SubprocessHook","filename":"subprocess.py","lineno":106}
{"timestamp":"2025-11-09T17:53:04.461419Z","level":"info","event":"\u001b[0m17:53:04","logger":"airflow.task.hooks.airflow.providers.standard.hooks.subprocess.SubprocessHook","filename":"subprocess.py","lineno":106}
{"timestamp":"2025-11-09T17:53:04.462117Z","level":"info","event":"\u001b[0m17:53:04  Done. PASS=7 WARN=0 ERROR=0 SKIP=0 TOTAL=7","logger":"airflow.task.hooks.airflow.providers.standard.hooks.subprocess.SubprocessHook","filename":"subprocess.py","lineno":106}
{"timestamp":"2025-11-09T17:53:05.636396Z","level":"info","event":"📌 Running DBT run...","logger":"airflow.task.hooks.airflow.providers.standard.hooks.subprocess.SubprocessHook","filename":"subprocess.py","lineno":106}
{"timestamp":"2025-11-09T17:53:07.496042Z","level":"info","event":"\u001b[0m17:53:07  Running with dbt=1.8.7","logger":"airflow.task.hooks.airflow.providers.standard.hooks.subprocess.SubprocessHook","filename":"subprocess.py","lineno":106}
{"timestamp":"2025-11-09T17:53:09.415350Z","level":"info","event":"\u001b[0m17:53:09  Registered adapter: bigquery=1.8.2","logger":"airflow.task.hooks.airflow.providers.standard.hooks.subprocess.SubprocessHook","filename":"subprocess.py","lineno":106}
{"timestamp":"2025-11-09T17:53:10.021443Z","level":"info","event":"\u001b[0m17:53:10  Found 5 models, 7 data tests, 1 source, 484 macros","logger":"airflow.task.hooks.airflow.providers.standard.hooks.subprocess.SubprocessHook","filename":"subprocess.py","lineno":106}
{"timestamp":"2025-11-09T17:53:10.025143Z","level":"info","event":"\u001b[0m17:53:10","logger":"airflow.task.hooks.airflow.providers.standard.hooks.subprocess.SubprocessHook","filename":"subprocess.py","lineno":106}
{"timestamp":"2025-11-09T17:53:12.074960Z","level":"info","event":"\u001b[0m17:53:12  Concurrency: 4 threads (target='dev')","logger":"airflow.task.hooks.airflow.providers.standard.hooks.subprocess.SubprocessHook","filename":"subprocess.py","lineno":106}
{"timestamp":"2025-11-09T17:53:12.075967Z","level":"info","event":"\u001b[0m17:53:12","logger":"airflow.task.hooks.airflow.providers.standard.hooks.subprocess.SubprocessHook","filename":"subprocess.py","lineno":106}
{"timestamp":"2025-11-09T17:53:12.087709Z","level":"info","event":"\u001b[0m17:53:12  1 of 3 START sql view model staging_staging.stg_orders ......................... [RUN]","logger":"airflow.task.hooks.airflow.providers.standard.hooks.subprocess.SubprocessHook","filename":"subprocess.py","lineno":106}
{"timestamp":"2025-11-09T17:53:14.286772Z","level":"info","event":"\u001b[0m17:53:14  1 of 3 OK created sql view model staging_staging.stg_orders .................... [\u001b[32mCREATE VIEW (0 processed)\u001b[0m in 2.20s]","logger":"airflow.task.hooks.airflow.providers.standard.hooks.subprocess.SubprocessHook","filename":"subprocess.py","lineno":106}
{"timestamp":"2025-11-09T17:53:14.290781Z","level":"info","event":"\u001b[0m17:53:14  2 of 3 START sql table model staging_warehouse.fact_orders ..................... [RUN]","logger":"airflow.task.hooks.airflow.providers.standard.hooks.subprocess.SubprocessHook","filename":"subprocess.py","lineno":106}
{"timestamp":"2025-11-09T17:53:17.612648Z","level":"info","event":"\u001b[0m17:53:17  2 of 3 OK created sql table model staging_warehouse.fact_orders ................ [\u001b[32mCREATE TABLE (10.0 rows, 554.0 Bytes processed)\u001b[0m in 3.32s]","logger":"airflow.task.hooks.airflow.providers.standard.hooks.subprocess.SubprocessHook","filename":"subprocess.py","lineno":106}
{"timestamp":"2025-11-09T17:53:17.618911Z","level":"info","event":"\u001b[0m17:53:17  3 of 3 START sql table model staging_analytics.mart_customer_summary ........... [RUN]","logger":"airflow.task.hooks.airflow.providers.standard.hooks.subprocess.SubprocessHook","filename":"subprocess.py","lineno":106}
{"timestamp":"2025-11-09T17:53:21.644053Z","level":"info","event":"\u001b[0m17:53:21  3 of 3 OK created sql table model staging_analytics.mart_customer_summary ...... [\u001b[32mCREATE TABLE (10.0 rows, 480.0 Bytes processed)\u001b[0m in 4.02s]","logger":"airflow.task.hooks.airflow.providers.standard.hooks.subprocess.SubprocessHook","filename":"subprocess.py","lineno":106}
{"timestamp":"2025-11-09T17:53:21.654340Z","level":"info","event":"\u001b[0m17:53:21","logger":"airflow.task.hooks.airflow.providers.standard.hooks.subprocess.SubprocessHook","filename":"subprocess.py","lineno":106}
{"timestamp":"2025-11-09T17:53:21.655406Z","level":"info","event":"\u001b[0m17:53:21  Finished running 1 view model, 2 table models in 0 hours 0 minutes and 11.63 seconds (11.63s).","logger":"airflow.task.hooks.airflow.providers.standard.hooks.subprocess.SubprocessHook","filename":"subprocess.py","lineno":106}
{"timestamp":"2025-11-09T17:53:21.768640Z","level":"info","event":"\u001b[0m17:53:21","logger":"airflow.task.hooks.airflow.providers.standard.hooks.subprocess.SubprocessHook","filename":"subprocess.py","lineno":106}
{"timestamp":"2025-11-09T17:53:21.770140Z","level":"info","event":"\u001b[0m17:53:21  \u001b[32mCompleted successfully\u001b[0m","logger":"airflow.task.hooks.airflow.providers.standard.hooks.subprocess.SubprocessHook","filename":"subprocess.py","lineno":106}
{"timestamp":"2025-11-09T17:53:21.771406Z","level":"info","event":"\u001b[0m17:53:21","logger":"airflow.task.hooks.airflow.providers.standard.hooks.subprocess.SubprocessHook","filename":"subprocess.py","lineno":106}
{"timestamp":"2025-11-09T17:53:21.772381Z","level":"info","event":"\u001b[0m17:53:21  Done. PASS=3 WARN=0 ERROR=0 SKIP=0 TOTAL=3","logger":"airflow.task.hooks.airflow.providers.standard.hooks.subprocess.SubprocessHook","filename":"subprocess.py","lineno":106}
{"timestamp":"2025-11-09T17:53:22.887570Z","level":"info","event":"✅ DBT completed!","logger":"airflow.task.hooks.airflow.providers.standard.hooks.subprocess.SubprocessHook","filename":"subprocess.py","lineno":106}
{"timestamp":"2025-11-09T17:53:22.887844Z","level":"info","event":"Command exited with return code 0","logger":"airflow.task.hooks.airflow.providers.standard.hooks.subprocess.SubprocessHook","filename":"subprocess.py","lineno":110}
{"timestamp":"2025-11-09T17:53:22.888600Z","level":"info","event":"Pushing xcom","ti":"RuntimeTaskInstance(id=UUID('019a69bf-8999-75ff-930d-9d8104bd35c6'), task_id='dbt_transform', dag_id='ecommerce_etl_pipeline', run_id='manual__2025-11-09T17:52:30+00:00', try_number=1, dag_version_id=UUID('019a69b8-3690-75b6-8856-8db1a993d380'), map_index=-1, hostname='4000f06fad68', context_carrier={}, task=<Task(BashOperator): dbt_transform>, bundle_instance=LocalDagBundle(name=dags-folder), max_tries=1, start_date=datetime.datetime(2025, 11, 9, 17, 52, 44, 725538, tzinfo=datetime.timezone.utc), end_date=None, state=<TaskInstanceState.RUNNING: 'running'>, is_mapped=False, rendered_map_index=None)","logger":"task","filename":"task_runner.py","lineno":1357}
{"timestamp":"2025-11-09T17:53:22.925193Z","level":"info","event":"Task instance in success state","logger":"task.stdout"}
{"timestamp":"2025-11-09T17:53:22.925928Z","level":"info","event":" Previous state of the Task instance: TaskInstanceState.RUNNING","logger":"task.stdout"}
{"timestamp":"2025-11-09T17:53:22.926645Z","level":"info","event":"Task operator:<Task(BashOperator): dbt_transform>","logger":"task.stdout"}
