{"timestamp":"2025-11-06T19:54:10.868206Z","level":"info","event":"DAG bundles loaded: dags-folder, example_dags","logger":"airflow.dag_processing.bundles.manager.DagBundlesManager","filename":"manager.py","lineno":179}
{"timestamp":"2025-11-06T19:54:10.870112Z","level":"info","event":"Filling up the DagBag from /opt/airflow/dags/ecommerce_etl_pipeline.py","logger":"airflow.models.dagbag.DagBag","filename":"dagbag.py","lineno":593}
{"timestamp":"2025-11-06T19:54:13.535139Z","level":"warning","event":"The `airflow.operators.python.PythonOperator` attribute is deprecated. Please use `'airflow.providers.standard.operators.python.PythonOperator'`.","category":"DeprecatedImportWarning","filename":"/opt/airflow/dags/ecommerce_etl_pipeline.py","lineno":6,"logger":"py.warnings"}
{"timestamp":"2025-11-06T19:54:13.535440Z","level":"warning","event":"The `airflow.operators.bash.BashOperator` attribute is deprecated. Please use `'airflow.providers.standard.operators.bash.BashOperator'`.","category":"DeprecatedImportWarning","filename":"/opt/airflow/dags/ecommerce_etl_pipeline.py","lineno":7,"logger":"py.warnings"}
{"timestamp":"2025-11-06T19:54:13.587346Z","level":"info","event":"Task instance is in running state","logger":"task.stdout"}
{"timestamp":"2025-11-06T19:54:13.587901Z","level":"info","event":" Previous state of the Task instance: TaskInstanceState.QUEUED","logger":"task.stdout"}
{"timestamp":"2025-11-06T19:54:13.588401Z","level":"info","event":"Current task name:extract_data","logger":"task.stdout"}
{"timestamp":"2025-11-06T19:54:13.588732Z","level":"info","event":"Dag name:ecommerce_etl_pipeline","logger":"task.stdout"}
{"timestamp":"2025-11-06T19:54:13.589752Z","level":"info","event":"📥 Sample data oluşturuluyor...","logger":"unusual_prefix_71f8d2063417ec223b2c16b219b578986244919b_ecommerce_etl_pipeline","filename":"ecommerce_etl_pipeline.py","lineno":28}
{"timestamp":"2025-11-06T19:54:13.602638Z","level":"info","event":"✅ 10 rows saved to /opt/airflow/data/raw/orders.csv","logger":"unusual_prefix_71f8d2063417ec223b2c16b219b578986244919b_ecommerce_etl_pipeline","filename":"ecommerce_etl_pipeline.py","lineno":48}
{"timestamp":"2025-11-06T19:54:13.602955Z","level":"info","event":"Done. Returned value was: /opt/airflow/data/raw/orders.csv","logger":"airflow.task.operators.airflow.providers.standard.operators.python.PythonOperator","filename":"python.py","lineno":215}
{"timestamp":"2025-11-06T19:54:13.603268Z","level":"info","event":"Pushing xcom","ti":"RuntimeTaskInstance(id=UUID('019a5abb-ca10-7341-a203-7a38692e6bbd'), task_id='extract_data', dag_id='ecommerce_etl_pipeline', run_id='scheduled__2025-11-06T00:00:00+00:00', try_number=1, dag_version_id=UUID('019a5aba-d2d5-7560-b7a5-2785695f4207'), map_index=-1, hostname='fc589c101519', context_carrier={}, task=<Task(PythonOperator): extract_data>, bundle_instance=LocalDagBundle(name=dags-folder), max_tries=1, start_date=datetime.datetime(2025, 11, 6, 19, 54, 8, 330535, tzinfo=datetime.timezone.utc), end_date=None, state=<TaskInstanceState.RUNNING: 'running'>, is_mapped=False, rendered_map_index=None)","logger":"task","filename":"task_runner.py","lineno":1357}
{"timestamp":"2025-11-06T19:54:13.673556Z","level":"info","event":"Task instance in success state","logger":"task.stdout"}
{"timestamp":"2025-11-06T19:54:13.674144Z","level":"info","event":" Previous state of the Task instance: TaskInstanceState.RUNNING","logger":"task.stdout"}
{"timestamp":"2025-11-06T19:54:13.674742Z","level":"info","event":"Task operator:<Task(PythonOperator): extract_data>","logger":"task.stdout"}
{"timestamp":"2025-11-06T21:24:37.591673Z","level":"info","event":"DAG bundles loaded: dags-folder, example_dags","logger":"airflow.dag_processing.bundles.manager.DagBundlesManager","filename":"manager.py","lineno":179}
{"timestamp":"2025-11-06T21:24:37.593205Z","level":"info","event":"Filling up the DagBag from /opt/airflow/dags/ecommerce_etl_pipeline.py","logger":"airflow.models.dagbag.DagBag","filename":"dagbag.py","lineno":593}
{"timestamp":"2025-11-06T21:24:40.028558Z","level":"warning","event":"The `airflow.operators.python.PythonOperator` attribute is deprecated. Please use `'airflow.providers.standard.operators.python.PythonOperator'`.","category":"DeprecatedImportWarning","filename":"/opt/airflow/dags/ecommerce_etl_pipeline.py","lineno":6,"logger":"py.warnings"}
{"timestamp":"2025-11-06T21:24:40.028699Z","level":"warning","event":"The `airflow.operators.bash.BashOperator` attribute is deprecated. Please use `'airflow.providers.standard.operators.bash.BashOperator'`.","category":"DeprecatedImportWarning","filename":"/opt/airflow/dags/ecommerce_etl_pipeline.py","lineno":7,"logger":"py.warnings"}
{"timestamp":"2025-11-06T21:24:40.046956Z","level":"info","event":"Task instance is in running state","logger":"task.stdout"}
{"timestamp":"2025-11-06T21:24:40.047548Z","level":"info","event":" Previous state of the Task instance: TaskInstanceState.QUEUED","logger":"task.stdout"}
{"timestamp":"2025-11-06T21:24:40.047921Z","level":"info","event":"Current task name:extract_data","logger":"task.stdout"}
{"timestamp":"2025-11-06T21:24:40.048966Z","level":"info","event":"Dag name:ecommerce_etl_pipeline","logger":"task.stdout"}
{"timestamp":"2025-11-06T21:24:40.051253Z","level":"info","event":"📥 Sample data oluşturuluyor...","logger":"unusual_prefix_71f8d2063417ec223b2c16b219b578986244919b_ecommerce_etl_pipeline","filename":"ecommerce_etl_pipeline.py","lineno":28}
{"timestamp":"2025-11-06T21:24:40.064171Z","level":"info","event":"✅ 10 rows saved to /opt/airflow/data/raw/orders.csv","logger":"unusual_prefix_71f8d2063417ec223b2c16b219b578986244919b_ecommerce_etl_pipeline","filename":"ecommerce_etl_pipeline.py","lineno":48}
{"timestamp":"2025-11-06T21:24:40.064384Z","level":"info","event":"Done. Returned value was: /opt/airflow/data/raw/orders.csv","logger":"airflow.task.operators.airflow.providers.standard.operators.python.PythonOperator","filename":"python.py","lineno":215}
{"timestamp":"2025-11-06T21:24:40.064920Z","level":"info","event":"Pushing xcom","ti":"RuntimeTaskInstance(id=UUID('019a5b0e-a105-758c-8cee-c7b6ebd8b975'), task_id='extract_data', dag_id='ecommerce_etl_pipeline', run_id='scheduled__2025-11-06T00:00:00+00:00', try_number=1, dag_version_id=UUID('019a5aba-d2d5-7560-b7a5-2785695f4207'), map_index=-1, hostname='fc589c101519', context_carrier={}, task=<Task(PythonOperator): extract_data>, bundle_instance=LocalDagBundle(name=dags-folder), max_tries=1, start_date=datetime.datetime(2025, 11, 6, 21, 24, 36, 926150, tzinfo=datetime.timezone.utc), end_date=None, state=<TaskInstanceState.RUNNING: 'running'>, is_mapped=False, rendered_map_index=None)","logger":"task","filename":"task_runner.py","lineno":1357}
{"timestamp":"2025-11-06T21:24:40.098282Z","level":"info","event":"Task instance in success state","logger":"task.stdout"}
{"timestamp":"2025-11-06T21:24:40.098938Z","level":"info","event":" Previous state of the Task instance: TaskInstanceState.RUNNING","logger":"task.stdout"}
{"timestamp":"2025-11-06T21:24:40.099480Z","level":"info","event":"Task operator:<Task(PythonOperator): extract_data>","logger":"task.stdout"}
{"timestamp":"2025-11-06T22:31:44.599799Z","level":"info","event":"DAG bundles loaded: dags-folder, example_dags","logger":"airflow.dag_processing.bundles.manager.DagBundlesManager","filename":"manager.py","lineno":179}
{"timestamp":"2025-11-06T22:31:44.601347Z","level":"info","event":"Filling up the DagBag from /opt/airflow/dags/ecommerce_etl_pipeline.py","logger":"airflow.models.dagbag.DagBag","filename":"dagbag.py","lineno":593}
{"timestamp":"2025-11-06T22:31:47.046582Z","level":"warning","event":"The `airflow.operators.python.PythonOperator` attribute is deprecated. Please use `'airflow.providers.standard.operators.python.PythonOperator'`.","category":"DeprecatedImportWarning","filename":"/opt/airflow/dags/ecommerce_etl_pipeline.py","lineno":6,"logger":"py.warnings"}
{"timestamp":"2025-11-06T22:31:47.046735Z","level":"warning","event":"The `airflow.operators.bash.BashOperator` attribute is deprecated. Please use `'airflow.providers.standard.operators.bash.BashOperator'`.","category":"DeprecatedImportWarning","filename":"/opt/airflow/dags/ecommerce_etl_pipeline.py","lineno":7,"logger":"py.warnings"}
{"timestamp":"2025-11-06T22:31:47.076714Z","level":"info","event":"Task instance is in running state","logger":"task.stdout"}
{"timestamp":"2025-11-06T22:31:47.077404Z","level":"info","event":" Previous state of the Task instance: TaskInstanceState.QUEUED","logger":"task.stdout"}
{"timestamp":"2025-11-06T22:31:47.077718Z","level":"info","event":"Current task name:extract_data","logger":"task.stdout"}
{"timestamp":"2025-11-06T22:31:47.078000Z","level":"info","event":"Dag name:ecommerce_etl_pipeline","logger":"task.stdout"}
{"timestamp":"2025-11-06T22:31:47.078922Z","level":"info","event":"📥 Sample data oluşturuluyor...","logger":"unusual_prefix_71f8d2063417ec223b2c16b219b578986244919b_ecommerce_etl_pipeline","filename":"ecommerce_etl_pipeline.py","lineno":28}
{"timestamp":"2025-11-06T22:31:47.090217Z","level":"info","event":"✅ 10 rows saved to /opt/airflow/data/raw/orders.csv","logger":"unusual_prefix_71f8d2063417ec223b2c16b219b578986244919b_ecommerce_etl_pipeline","filename":"ecommerce_etl_pipeline.py","lineno":48}
{"timestamp":"2025-11-06T22:31:47.090462Z","level":"info","event":"Done. Returned value was: /opt/airflow/data/raw/orders.csv","logger":"airflow.task.operators.airflow.providers.standard.operators.python.PythonOperator","filename":"python.py","lineno":215}
{"timestamp":"2025-11-06T22:31:47.090754Z","level":"info","event":"Pushing xcom","ti":"RuntimeTaskInstance(id=UUID('019a5b4c-0ca9-7621-9f0b-3b1943118825'), task_id='extract_data', dag_id='ecommerce_etl_pipeline', run_id='scheduled__2025-11-06T00:00:00+00:00', try_number=1, dag_version_id=UUID('019a5aba-d2d5-7560-b7a5-2785695f4207'), map_index=-1, hostname='fc589c101519', context_carrier={}, task=<Task(PythonOperator): extract_data>, bundle_instance=LocalDagBundle(name=dags-folder), max_tries=1, start_date=datetime.datetime(2025, 11, 6, 22, 31, 42, 326686, tzinfo=datetime.timezone.utc), end_date=None, state=<TaskInstanceState.RUNNING: 'running'>, is_mapped=False, rendered_map_index=None)","logger":"task","filename":"task_runner.py","lineno":1357}
{"timestamp":"2025-11-06T22:31:47.125211Z","level":"info","event":"Task instance in success state","logger":"task.stdout"}
{"timestamp":"2025-11-06T22:31:47.125763Z","level":"info","event":" Previous state of the Task instance: TaskInstanceState.RUNNING","logger":"task.stdout"}
{"timestamp":"2025-11-06T22:31:47.126196Z","level":"info","event":"Task operator:<Task(PythonOperator): extract_data>","logger":"task.stdout"}
